// Jest Snapshot v1, https://goo.gl/fbAQLP

exports[`Album should render correctly with props 1`] = `ShallowWrapper {}`;
