// Jest Snapshot v1, https://goo.gl/fbAQLP

exports[`AlbumList should render correctly in "debug" mode 1`] = `ShallowWrapper {}`;

exports[`AlbumList should render correctly with props 1`] = `ShallowWrapper {}`;
